// Jest Snapshot v1, https://goo.gl/fbAQLP

exports[`renders correctly 1`] = `
<div>
  <h1
    id="firstTitle"
  >
    Properties for sale
  </h1>
  <div
    class="listingContainer"
  >
    <div
      class="listingContainer"
    >
      <h2>
        Sorry, there are no properties today.
      </h2>
    </div>
  </div>
</div>
`;
